  List.c
E:\lianxi\daily-exercise\25.9.7\25.9.7\List.h(8,2): error C2061: 语法错误: 标识符“list”
  test.c
  (编译源文件“List.c”)
  
E:\lianxi\daily-exercise\25.9.7\25.9.7\List.h(9,6): error C2143: 语法错误: 缺少“{”(在“*”的前面)
  (编译源文件“List.c”)
  
E:\lianxi\daily-exercise\25.9.7\25.9.7\List.h(10,1): error C2059: 语法错误:“}”
  (编译源文件“List.c”)
  
E:\lianxi\daily-exercise\25.9.7\25.9.7\List.h(11,19): error C2143: 语法错误: 缺少“)”(在“*”的前面)
  (编译源文件“List.c”)
  
E:\lianxi\daily-exercise\25.9.7\25.9.7\List.h(11,19): error C2143: 语法错误: 缺少“{”(在“*”的前面)
  (编译源文件“List.c”)
  
E:\lianxi\daily-exercise\25.9.7\25.9.7\List.h(11,28): error C2059: 语法错误:“)”
  (编译源文件“List.c”)
  
E:\lianxi\daily-exercise\25.9.7\25.9.7\List.h(12,5): error C2143: 语法错误: 缺少“{”(在“*”的前面)
  (编译源文件“List.c”)
  
E:\lianxi\daily-exercise\25.9.7\25.9.7\List.c(3,19): error C2143: 语法错误: 缺少“)”(在“*”的前面)
E:\lianxi\daily-exercise\25.9.7\25.9.7\List.c(3,19): error C2143: 语法错误: 缺少“{”(在“*”的前面)
E:\lianxi\daily-exercise\25.9.7\25.9.7\List.c(3,28): error C2059: 语法错误:“)”
E:\lianxi\daily-exercise\25.9.7\25.9.7\List.c(3,22): error C2054: 在“pphead”之后应输入“(”
E:\lianxi\daily-exercise\25.9.7\25.9.7\List.c(7,5): error C2143: 语法错误: 缺少“{”(在“*”的前面)
E:\lianxi\daily-exercise\25.9.7\25.9.7\List.c(9,2): error C2065: “list”: 未声明的标识符
E:\lianxi\daily-exercise\25.9.7\25.9.7\List.c(9,8): error C2065: “new”: 未声明的标识符
E:\lianxi\daily-exercise\25.9.7\25.9.7\List.c(9,15): error C2065: “list”: 未声明的标识符
E:\lianxi\daily-exercise\25.9.7\25.9.7\List.c(9,20): error C2059: 语法错误:“)”
E:\lianxi\daily-exercise\25.9.7\25.9.7\List.c(10,2): error C2065: “new”: 未声明的标识符
E:\lianxi\daily-exercise\25.9.7\25.9.7\List.c(10,7): error C2223: “->data”的左侧必须指向结构/联合
E:\lianxi\daily-exercise\25.9.7\25.9.7\List.c(11,2): error C2065: “new”: 未声明的标识符
E:\lianxi\daily-exercise\25.9.7\25.9.7\List.c(11,7): error C2223: “->next”的左侧必须指向结构/联合
E:\lianxi\daily-exercise\25.9.7\25.9.7\List.c(11,14): error C2065: “new”: 未声明的标识符
E:\lianxi\daily-exercise\25.9.7\25.9.7\List.c(11,19): error C2223: “->prev”的左侧必须指向结构/联合
E:\lianxi\daily-exercise\25.9.7\25.9.7\List.c(11,26): error C2065: “new”: 未声明的标识符
E:\lianxi\daily-exercise\25.9.7\25.9.7\List.c(12,9): error C2065: “new”: 未声明的标识符
E:\lianxi\daily-exercise\25.9.7\25.9.7\List.c(12,2): warning C4047: “return”:“int *”与“int”的间接级别不同
E:\lianxi\daily-exercise\25.9.7\25.9.7\List.h(8,2): error C2061: 语法错误: 标识符“list”
  (编译源文件“test.c”)
  
E:\lianxi\daily-exercise\25.9.7\25.9.7\List.h(9,6): error C2143: 语法错误: 缺少“{”(在“*”的前面)
  (编译源文件“test.c”)
  
E:\lianxi\daily-exercise\25.9.7\25.9.7\List.h(10,1): error C2059: 语法错误:“}”
  (编译源文件“test.c”)
  
E:\lianxi\daily-exercise\25.9.7\25.9.7\List.h(11,19): error C2143: 语法错误: 缺少“)”(在“*”的前面)
  (编译源文件“test.c”)
  
E:\lianxi\daily-exercise\25.9.7\25.9.7\List.h(11,19): error C2143: 语法错误: 缺少“{”(在“*”的前面)
  (编译源文件“test.c”)
  
E:\lianxi\daily-exercise\25.9.7\25.9.7\List.h(11,28): error C2059: 语法错误:“)”
  (编译源文件“test.c”)
  
E:\lianxi\daily-exercise\25.9.7\25.9.7\List.h(12,5): error C2143: 语法错误: 缺少“{”(在“*”的前面)
  (编译源文件“test.c”)
  
E:\lianxi\daily-exercise\25.9.7\25.9.7\test.c(5,2): error C2065: “list”: 未声明的标识符
E:\lianxi\daily-exercise\25.9.7\25.9.7\test.c(5,8): error C2065: “plist”: 未声明的标识符
E:\lianxi\daily-exercise\25.9.7\25.9.7\test.c(5,14): warning C4047: “=”:“int”与“void *”的间接级别不同
E:\lianxi\daily-exercise\25.9.7\25.9.7\test.c(5,6): error C2106: “=”: 左操作数必须为左值
E:\lianxi\daily-exercise\25.9.7\25.9.7\test.c(6,2): warning C4013: “initlist”未定义；假设外部返回 int
E:\lianxi\daily-exercise\25.9.7\25.9.7\test.c(6,12): error C2065: “plist”: 未声明的标识符
  正在生成代码...
